// Jest Snapshot v1, https://goo.gl/fbAQLP

exports[`Should MovieDetailsItem render correctly 1`] = `
<p
  className="movie-card__details-item"
>
  <strong
    className="movie-card__details-name"
  >
    Kate Muir
  </strong>
  <span
    className="movie-card__details-value"
  >
    The mannered, madcap proceedings are often delightful
  </span>
</p>
`;
